[backblue.gif]
[fade.gif]
[index.html]
[localhost/wp/comments/feed/index.html]
[localhost/wp/feed/index.html]
[localhost/wp/wp-includes/js/jquery/jquery.minaf6c.js]
[localhost/wp/wp-includes/js/jquery/jquery-migrate.mind617.js]
[localhost/wp/wp-content/plugins/wp-night-mode/public/js/wp-night-mode-public8a54.js]
[localhost/wp/wp-json/index.html]
[localhost/wp/wp-json/wp/v2/pages/796.json]
[localhost/wp/xmlrpc0db0.php]
[localhost/wp/wp-includes/wlwmanifest.xml]
[localhost/wp/wp-json/oembed/1.0/embed102d.json]
[localhost/wp/wp-json/oembed/1.0/embed4dcc]
[localhost/wp/wp-content/uploads/2022/02/cropped-WhatsApp-Image-2022-02-17-at-19.15.29-3-32x32.jpg]
[localhost/wp/wp-content/uploads/2022/02/cropped-WhatsApp-Image-2022-02-17-at-19.15.29-3-192x192.jpg]
[localhost/wp/wp-content/uploads/2022/02/cropped-WhatsApp-Image-2022-02-17-at-19.15.29-3-180x180.jpg]
[kit.fontawesome.com/73060043bb.js]
[www.instagram.com/vampirefam.nft/index.html]
[opensea.io/vampirefamily.20.delayed]
[localhost/wp/wp-content/uploads/2022/02/WhatsApp-Image-2022-02-17-at-19.15.29-1.jpg]
[localhost/wp/wp-content/uploads/2022/02/WhatsApp-Image-2022-02-17-at-19.15.29-4.jpg]
[localhost/wp/wp-content/uploads/2022/02/WhatsApp-Image-2022-02-17-at-19.15.29-5.jpg]
[localhost/wp/wp-content/uploads/2022/02/WhatsApp-Image-2022-02-17-at-19.15.29-7.jpg]
[localhost/wp/wp-content/uploads/2022/02/WhatsApp-Image-2022-02-17-at-19.15.29-6.jpg]
[localhost/wp/wp-content/uploads/2022/02/WhatsApp-Image-2022-02-17-at-19.15.29-8.jpg]
[localhost/wp/wp-content/plugins/animated-typing-effect/assets/js/typed68b3.js]
[localhost/wp/wp-content/plugins/animated-typing-effect/assets/js/typed.fe68b3.js]
[localhost/wp/wp-content/themes/twentytwentyone/assets/js/polyfills7ef2.js]
[localhost/wp/wp-content/themes/twentytwentyone/assets/js/primary-navigation7ef2.js]
[localhost/wp/wp-content/themes/twentytwentyone/assets/js/responsive-embeds7ef2.js]
[localhost/wp/wp-content/plugins/elementor-pro/assets/lib/smartmenus/jquery.smartmenus.minf269.js]
[localhost/wp/wp-content/plugins/elementor-pro/assets/js/webpack-pro.runtime.min49eb.js]
[localhost/wp/wp-content/plugins/elementor/assets/js/webpack.runtime.mina25a.js]
[localhost/wp/wp-content/plugins/elementor/assets/js/frontend-modules.mina25a.js]
[localhost/wp/wp-content/plugins/elementor-pro/assets/js/frontend.min49eb.js]
[localhost/wp/wp-content/plugins/elementor/assets/lib/waypoints/waypoints.min05da.js]
[localhost/wp/wp-includes/js/jquery/ui/core.min1dd9.js]
[localhost/wp/wp-content/plugins/elementor/assets/js/frontend.mina25a.js]
[localhost/wp/wp-content/plugins/elementor-pro/assets/js/elements-handlers.min49eb.js]
[localhost/wp/vampirefamily/index.html]
[s.w.org/index.html]
[localhost/wp/wp-includes/css/dist/block-library/style.min271b.css]
[localhost/wp/wp-content/plugins/animated-typing-effect/assets/css/cursor271b.css]
[localhost/wp/wp-content/plugins/wp-night-mode/public/css/wp-night-mode-public8a54.css]
[localhost/wp/wp-content/themes/twentytwentyone/style7ef2.css]
[localhost/wp/wp-content/themes/twentytwentyone/assets/css/print7ef2.css]
[localhost/wp/wp-content/plugins/elementor/assets/lib/eicons/fonts/eiconsdc2c.eot]
[localhost/wp/wp-content/plugins/elementor/assets/lib/eicons/fonts/eiconsdc2c.woff2]
[localhost/wp/wp-content/plugins/elementor/assets/lib/eicons/fonts/eiconsdc2c.woff]
[localhost/wp/wp-content/plugins/elementor/assets/lib/eicons/fonts/eiconsdc2c.ttf]
[localhost/wp/wp-content/plugins/elementor/assets/lib/eicons/css/elementor-icons.mine900.css]
[localhost/wp/wp-content/plugins/elementor/assets/css/frontend-lite.mina25a.css]
[localhost/wp/wp-content/uploads/elementor/css/post-7f92f.css]
[localhost/wp/wp-content/plugins/elementor-pro/assets/css/frontend-lite.min49eb.css]
[localhost/wp/wp-content/uploads/elementor/css/global1a84.css]
[localhost/wp/wp-content/uploads/2022/02/27556110000.png]
[localhost/wp/wp-content/uploads/2022/02/Scary-Halloween-Backgrounds-Wallpaper-Collection-2014-scaled.jpg]
[localhost/wp/wp-content/uploads/2022/02/thumb-1920-552086.jpg]
[localhost/wp/wp-content/uploads/elementor/css/post-796b47e.css]
[fonts.googleapis.com/csscbc4.css]
[localhost/wp/wp-content/plugins/elementor/assets/lib/font-awesome/css/fontawesome.min52d5.css]
[localhost/wp/wp-content/plugins/elementor/assets/lib/font-awesome/webfonts/fa-brands-400.eot]
[localhost/wp/wp-content/plugins/elementor/assets/lib/font-awesome/webfonts/fa-brands-400.woff2]
[localhost/wp/wp-content/plugins/elementor/assets/lib/font-awesome/webfonts/fa-brands-400d41d.eot]
[localhost/wp/wp-content/plugins/elementor/assets/lib/font-awesome/webfonts/fa-brands-400.woff]
[localhost/wp/wp-content/plugins/elementor/assets/lib/font-awesome/webfonts/fa-brands-400.ttf]
[localhost/wp/wp-content/plugins/elementor/assets/lib/font-awesome/css/brands.min52d5.css]
[localhost/wp/wp-content/plugins/elementor/assets/lib/font-awesome/webfonts/fa-solid-900.eot]
[localhost/wp/wp-content/plugins/elementor/assets/lib/font-awesome/webfonts/fa-solid-900.woff2]
[localhost/wp/wp-content/plugins/elementor/assets/lib/font-awesome/webfonts/fa-solid-900d41d.eot]
[localhost/wp/wp-content/plugins/elementor/assets/lib/font-awesome/webfonts/fa-solid-900.woff]
[localhost/wp/wp-content/plugins/elementor/assets/lib/font-awesome/webfonts/fa-solid-900.ttf]
[localhost/wp/wp-content/plugins/elementor/assets/lib/font-awesome/css/solid.min52d5.css]
[localhost/wp/index89d2.html]
[www.instagram.com/data/manifest.json]
[www.instagram.com/static/bundles/metro/ConsumerUICommons.css/544e6e029d31.css]
[www.instagram.com/static/bundles/metro/Consumer.css/0163d3adfeb1.css]
[www.instagram.com/static/bundles/metro/ProfilePageContainer.css/39fcba911c72.css]
[www.instagram.com/static/bundles/metro/Vendor.js/a18d155f0994.js]
[www.instagram.com/static/bundles/metro/en_US.js/6fb775374dca.js]
[www.instagram.com/static/bundles/metro/ConsumerAsyncCommons.js/c4ca4238a0b9.js]
[www.instagram.com/static/bundles/metro/ConsumerUICommons.js/8c35f692d23a.js]
[www.instagram.com/static/bundles/metro/ConsumerLibCommons.js/dfe34884adbc.js]
[www.instagram.com/static/bundles/metro/Consumer.js/617a07c3ca0b.js]
[www.instagram.com/static/bundles/metro/ProfilePageContainer.js/653717cd9baa.js]
[www.instagram.com/static/images/ico/apple-touch-icon-76x76-precomposed.png/666282be8229.png]
[www.instagram.com/static/images/ico/apple-touch-icon-120x120-precomposed.png/8a5bd3f267b1.png]
[www.instagram.com/static/images/ico/apple-touch-icon-152x152-precomposed.png/68193576ffc5.png]
[www.instagram.com/static/images/ico/apple-touch-icon-167x167-precomposed.png/4985e31c9100.png]
[www.instagram.com/data/shared_data/index.html]
[www.instagram.com/static/images/ico/apple-touch-icon-180x180-precomposed.png/c06fdb2357bd.png]
[www.instagram.com/static/images/ico/favicon-192.png/68d99ba29cc8.png]
[www.instagram.com/static/images/ico/favicon.ico/36b3ee2d91ed.ico]
[www.instagram.com/static/bundles/metro/Polyfills.js/7cae552e4751.js]
[www.instagram.com/vampirefam.nft/index.html]
[localhost/wp/wp-content/plugins/elementor-pro/assets/css/widget-nav-menu.min.css]
[www.instagram.com/vampirefam.nft/indexfef7.html]
[opensea.io/vampirefamily.html]
[www.instagram.com/vampirefam.nft/index7d7c.html]
[localhost/wp/vampirefamily/Trident/index.html]
[localhost/wp/wp-content/plugins/elementor/assets/lib/animations/animations.mina25a.css]
[www.instagram.com/vampirefam.nft/indexa209.html]
[www.instagram.com/vampirefam.nft/index0016.html]
[localhost/wp/wp-content/plugins/elementor/assets/lib/eicons/fonts/eiconsdc2c.svg]
[www.instagram.com/vampirefam.nft/indexde3a.html]
[www.instagram.com/vampirefam.nft/index0b8e.html]
[localhost/wp/wp-content/plugins/elementor/assets/lib/font-awesome/webfonts/fa-brands-400.svg]
[www.instagram.com/vampirefam.nft/indexf854.html]
[www.instagram.com/vampirefam.nft/index9e29.html]
[www.instagram.com/vampirefam.nft/index232e.html]
[localhost/wp/wp-content/plugins/elementor/assets/lib/font-awesome/webfonts/fa-solid-900.svg]
[www.instagram.com/vampirefam.nft/index28b7.html]
[www.instagram.com/vampirefam.nft/index6dd3.html]
[www.instagram.com/vampirefam.nft/indexc581.html]
[www.instagram.com/vampirefam.nft/index539c.html]
[www.instagram.com/vampirefam.nft/indexecc8.html]
[www.instagram.com/static/bundles/metro/sprite_wellbeing_6af9c5060ebc.png/6af9c5060ebc.png]
[www.instagram.com/vampirefam.nft/indexaaeb.html]
[www.instagram.com/vampirefam.nft/indexdc29.html]
[www.instagram.com/static/bundles/metro/sprite_wellbeing_2x_c0241d394c59.png/c0241d394c59.png]
[www.instagram.com/static/bundles/metro/sprite_stories_ce36b733f814.png/ce36b733f814.png]
[www.instagram.com/vampirefam.nft/index014b.html]
[www.instagram.com/static/bundles/metro/sprite_stories_2x_5b2f74f4bf86.png/5b2f74f4bf86.png]
[www.instagram.com/static/bundles/metro/sprite_nametag_ff60b6c57870.png/ff60b6c57870.png]
[www.instagram.com/vampirefam.nft/indexc91a.html]
[www.instagram.com/static/bundles/metro/sprite_nametag_2x_69c195e9ff3c.png/69c195e9ff3c.png]
[www.instagram.com/static/bundles/metro/sprite_mediatypes_65c15d7731ea.png/65c15d7731ea.png]
[www.instagram.com/static/bundles/metro/sprite_mediatypes_2x_3be21f338c88.png/3be21f338c88.png]
[www.instagram.com/static/bundles/metro/sprite_loggedout_a703f1117d10.png/a703f1117d10.png]
[www.instagram.com/vampirefam.nft/index0cf2.html]
[www.instagram.com/static/bundles/metro/sprite_loggedout_2x_e70a937de99d.png/e70a937de99d.png]
[www.instagram.com/static/bundles/metro/sprite_glyphs_42be7ea14768.png/42be7ea14768.png]
[www.instagram.com/static/bundles/metro/sprite_glyphs_2x_77929eccc37e.png/77929eccc37e.png]
[www.instagram.com/static/bundles/metro/sprite_debuginfo_04482f505972.png/04482f505972.png]
[www.instagram.com/vampirefam.nft/index7c40.html]
[www.instagram.com/static/bundles/metro/sprite_debuginfo_2x_24b85a13663c.png/24b85a13663c.png]
[www.instagram.com/vampirefam.nft/index4017.html]
[www.instagram.com/static/bundles/metro/sprite_core_32f0a4f27407.png/32f0a4f27407.png]
[www.instagram.com/static/bundles/metro/ConsumerUICommons.css/544e6e029d31.css]
[www.instagram.com/static/bundles/metro/sprite_core_2x_bcd90c1d4868.png/bcd90c1d4868.png]
[www.instagram.com/vampirefam.nft/index5a9d.html]
[www.instagram.com/static/bundles/metro/sprite_video_2fdc79aa66b0.png/2fdc79aa66b0.png]
[www.instagram.com/static/bundles/metro/sprite_video_2x_4ca1223795d3.png/4ca1223795d3.png]
[www.instagram.com/vampirefam.nft/indexb2db.html]
[www.instagram.com/static/images/rainbowGradient.png/558818d23695.png]
[www.instagram.com/static/images/homepage/home-phones.png/43cc71bb1b43.png]
[www.instagram.com/vampirefam.nft/index9201.html]
[www.instagram.com/static/images/homepage/home-phones@2x.png/9364675fb26a.png]
[www.instagram.com/static/bundles/metro/sprite_payments_70cdf3ed970e.png/70cdf3ed970e.png]
[www.instagram.com/static/bundles/metro/Consumer.css/0163d3adfeb1.css]
[www.instagram.com/static/bundles/metro/sprite_payments_2x_b54ac2e84c57.png/b54ac2e84c57.png]
[www.instagram.com/vampirefam.nft/index1672.html]
[www.instagram.com/vampirefam.nft/index5083.html]
[www.instagram.com/static/bundles/metro/sprite_felix_4800bc114a3a.png/4800bc114a3a.png]
[www.instagram.com/vampirefam.nft/index7a92.html]
[www.instagram.com/static/bundles/metro/shimmer-dark_da4ad644f34a.gif/da4ad644f34a.gif]
[www.instagram.com/static/bundles/metro/ProfilePageContainer.css/39fcba911c72.css]
[www.instagram.com/static/bundles/metro/sprite_felix_2x_90d41aa74a11.png/90d41aa74a11.png]
[www.instagram.com/vampirefam.nft/GET.html]
[www.instagram.com/vampirefam.nft/indexc13b.html]
[www.instagram.com/vampirefam.nft/android-app_/com.instagram.android/https/instagram.com/_u/vampirefam.nft/index.html]
[www.instagram.com/vampirefam.nft/index9e3e.html]
[www.instagram.com/vampirefam.nft/index9841.html]
[www.instagram.com/vampirefam.nft/indexfef7.html]
[www.instagram.com/vampirefam.nft/indexd294.html]
[www.instagram.com/vampirefam.nft/index0f5d.html]
[www.instagram.com/vampirefam.nft/indexad0b.html]
[www.instagram.com/vampirefam.nft/index5303.html]
[www.instagram.com/vampirefam.nft/index7d7c.html]
[www.instagram.com/static/bundles/metro/fr_FR.js/14161f7f6913.js]
[www.instagram.com/vampirefam.nft/indexe9b2.html]
[www.instagram.com/vampirefam.nft/indexff11.html]
[www.instagram.com/vampirefam.nft/indexdb1e.html]
[www.instagram.com/vampirefam.nft/indexf857.html]
[www.instagram.com/vampirefam.nft/indexa209.html]
[www.instagram.com/static/bundles/metro/it_IT.js/6608533834db.js]
[www.instagram.com/vampirefam.nft/index882e.html]
[www.instagram.com/vampirefam.nft/index241a.html]
[www.instagram.com/vampirefam.nft/index6c7f.html]
[www.instagram.com/vampirefam.nft/index0016.html]
[www.instagram.com/static/bundles/metro/de_DE.js/f71236cd0d3e.js]
[www.instagram.com/vampirefam.nft/index327f.html]
[www.instagram.com/vampirefam.nft/index030f.html]
[www.instagram.com/vampirefam.nft/index3a7e.html]
[www.instagram.com/vampirefam.nft/indexde3a.html]
[www.instagram.com/static/bundles/metro/es_LA.js/45d2ee63fcd5.js]
[www.instagram.com/vampirefam.nft/indexb058.html]
[www.instagram.com/vampirefam.nft/index9d29.html]
[www.instagram.com/vampirefam.nft/index0fe5.html]
[www.instagram.com/vampirefam.nft/index0b8e.html]
[www.instagram.com/static/bundles/metro/zh_CN.js/a0a3773d7d95.js]
[www.instagram.com/vampirefam.nft/index2a81.html]
[www.instagram.com/vampirefam.nft/indexc4e8.html]
[www.instagram.com/vampirefam.nft/index53ad.html]
[www.instagram.com/vampirefam.nft/indexf854.html]
[www.instagram.com/static/bundles/metro/zh_TW.js/5a2a1be2f899.js]
[www.instagram.com/vampirefam.nft/index9d00.html]
[www.instagram.com/vampirefam.nft/indexfafd.html]
[www.instagram.com/vampirefam.nft/indexf4a3.html]
[www.instagram.com/vampirefam.nft/index9e29.html]
[www.instagram.com/static/bundles/metro/ja_JP.js/307e619be968.js]
[www.instagram.com/vampirefam.nft/index232e.html]
[www.instagram.com/static/bundles/metro/ko_KR.js/9ae5089e6944.js]
[www.instagram.com/vampirefam.nft/index28b7.html]
[www.instagram.com/vampirefam.nft/index6dd3.html]
[www.instagram.com/static/bundles/metro/pt_BR.js/03b5c08cfbe8.js]
[www.instagram.com/vampirefam.nft/index514d.html]
[www.instagram.com/vampirefam.nft/indexc581.html]
[www.instagram.com/static/bundles/metro/af_ZA.js/16ecf9e6d7c4.js]
[www.instagram.com/vampirefam.nft/index539c.html]
[www.instagram.com/static/bundles/metro/cs_CZ.js/1f068f30b69e.js]
[www.instagram.com/vampirefam.nft/indexecc8.html]
[www.instagram.com/static/bundles/metro/da_DK.js/fd36bbbb2e55.js]
[www.instagram.com/vampirefam.nft/indexaaeb.html]
[www.instagram.com/static/bundles/metro/el_GR.js/09195a4b6ca1.js]
[www.instagram.com/vampirefam.nft/indexdc29.html]
[www.instagram.com/static/bundles/metro/fi_FI.js/a277dc3f060f.js]
[www.instagram.com/vampirefam.nft/index014b.html]
[www.instagram.com/static/bundles/metro/hr_HR.js/234a7b85b771.js]
[www.instagram.com/vampirefam.nft/indexc91a.html]
[www.instagram.com/static/bundles/metro/hu_HU.js/f6158cd8e84d.js]
[www.instagram.com/vampirefam.nft/index0cf2.html]
[www.instagram.com/static/bundles/metro/id_ID.js/175077486083.js]
[www.instagram.com/vampirefam.nft/index7c40.html]
[www.instagram.com/static/bundles/metro/ms_MY.js/e96856859f41.js]
[www.instagram.com/vampirefam.nft/index4017.html]
[www.instagram.com/static/bundles/metro/nb_NO.js/a13e6d8ad25f.js]
[www.instagram.com/vampirefam.nft/index5a9d.html]
[www.instagram.com/static/bundles/metro/nl_NL.js/95b651e2ee02.js]
[www.instagram.com/vampirefam.nft/indexb2db.html]
[www.instagram.com/static/bundles/metro/pl_PL.js/b964bbce7427.js]
[www.instagram.com/vampirefam.nft/index9201.html]
[www.instagram.com/static/bundles/metro/ru_RU.js/b1e0c33ab2e4.js]
[www.instagram.com/vampirefam.nft/index1672.html]
[www.instagram.com/static/bundles/metro/sk_SK.js/85bd87ff7d6b.js]
[www.instagram.com/vampirefam.nft/index5083.html]
[www.instagram.com/static/bundles/metro/sv_SE.js/5c44b2b77ecf.js]
[www.instagram.com/vampirefam.nft/index7a92.html]
[www.instagram.com/static/bundles/metro/th_TH.js/eaa21468bf10.js]
[www.instagram.com/vampirefam.nft/indexc13b.html]
[www.instagram.com/static/bundles/metro/tl_PH.js/5ea603c0f588.js]
[www.instagram.com/vampirefam.nft/index9e3e.html]
[www.instagram.com/static/bundles/metro/tr_TR.js/643db1b296df.js]
[www.instagram.com/vampirefam.nft/index9841.html]
[www.instagram.com/static/bundles/metro/hi_IN.js/d7cf8c7a56ec.js]
[www.instagram.com/vampirefam.nft/indexd294.html]
[www.instagram.com/static/bundles/metro/bn_IN.js/4a8eace1c1e9.js]
[www.instagram.com/vampirefam.nft/index0f5d.html]
[www.instagram.com/static/bundles/metro/gu_IN.js/5a9da54bd4a8.js]
[www.instagram.com/vampirefam.nft/indexad0b.html]
[www.instagram.com/static/bundles/metro/kn_IN.js/41d1b2adee44.js]
[www.instagram.com/vampirefam.nft/index5303.html]
[www.instagram.com/static/bundles/metro/ml_IN.js/456ab7cda8f5.js]
[www.instagram.com/vampirefam.nft/indexdb1e.html]
[www.instagram.com/static/bundles/metro/mr_IN.js/aca073def911.js]
[www.instagram.com/vampirefam.nft/indexe9b2.html]
[www.instagram.com/static/bundles/metro/pa_IN.js/3ed0c61813da.js]
[www.instagram.com/vampirefam.nft/indexff11.html]
[www.instagram.com/static/bundles/metro/ta_IN.js/0cc15097ea5a.js]
[www.instagram.com/vampirefam.nft/indexf857.html]
[www.instagram.com/static/bundles/metro/te_IN.js/0b54d2cecacd.js]
[www.instagram.com/vampirefam.nft/index882e.html]
[www.instagram.com/static/bundles/metro/ne_NP.js/aab7a87503ec.js]
[www.instagram.com/vampirefam.nft/index6c7f.html]
[www.instagram.com/vampirefam.nft/index241a.html]
[www.instagram.com/static/bundles/metro/si_LK.js/266add6ee367.js]
[www.instagram.com/vampirefam.nft/index327f.html]
[www.instagram.com/static/bundles/metro/vi_VN.js/e6731c708e51.js]
[www.instagram.com/vampirefam.nft/index3a7e.html]
[www.instagram.com/static/bundles/metro/bg_BG.js/9f19d23f2d6d.js]
[www.instagram.com/vampirefam.nft/index030f.html]
[www.instagram.com/static/bundles/metro/fr_CA.js/460b7265f539.js]
[www.instagram.com/vampirefam.nft/indexb058.html]
[www.instagram.com/static/bundles/metro/ro_RO.js/e3dd57a0e13d.js]
[www.instagram.com/vampirefam.nft/index9d29.html]
[www.instagram.com/static/bundles/metro/sr_RS.js/87436cc2beb4.js]
[www.instagram.com/vampirefam.nft/index0fe5.html]
[www.instagram.com/static/bundles/metro/uk_UA.js/fb7085434fc6.js]
[www.instagram.com/vampirefam.nft/index2a81.html]
[www.instagram.com/vampirefam.nft/indexc4e8.html]
[www.instagram.com/static/bundles/metro/zh_HK.js/0b13315e5b69.js]
[www.instagram.com/vampirefam.nft/index53ad.html]
[www.instagram.com/vampirefam.nft/index9d00.html]
[www.instagram.com/vampirefam.nft/indexf4a3.html]
[www.instagram.com/vampirefam.nft/indexfafd.html]
[www.instagram.com/vampirefam.nft/index514d.html]
[www.instagram.com/vampirefam.nft/POST.html]
[www.instagram.com/client_error/index.html]
[www.instagram.com/static/bundles/metro/en_GB.js/5349d47bf84f.js]
